// Jest Snapshot v1, https://goo.gl/fbAQLP

exports[`App Component should render snapshot correctly 1`] = `
<div
  className="App"
>
  <header
    className="App-header"
  >
    <img
      alt="logo"
      className="App-logo"
      src="logo.svg"
    />
    <h1
      className="App-title"
    >
      Test Driven Development
    </h1>
  </header>
  <div
    className="page-cart"
  >
    <div
      className="header"
    >
      <img
        alt="logo"
        className="header-logo"
        src="logo.svg"
      />
      <h3
        className="header-title"
      >
        React Shopping Cart
      </h3>
    </div>
    <div
      className="price"
    >
      总价：
      0
    </div>
    <div
      className="list"
    />
    <div>
      <div
        className="bottom-action"
      >
        <button
          className="btn add"
          onClick={[Function]}
        >
          添加商品
        </button>
        <div
          className="popup"
          style={
            Object {
              "display": "none",
            }
          }
        >
          <div
            className="backdrop"
            onClick={[Function]}
          />
          <form
            className="popup-content"
            onSubmit={[Function]}
          >
            <h3>
              添加商品
            </h3>
            <input
              onChange={[Function]}
              placeholder="请输入商品编号"
              type="text"
              value=""
            />
            <button
              className="btn confirm"
              type="submit"
              value="Submit"
            >
              确定
            </button>
          </form>
        </div>
      </div>
    </div>
  </div>
</div>
`;
