// Jest Snapshot v1, https://goo.gl/fbAQLP

exports[`Storyshots AddProduct adding new product 1`] = `
<div>
  <div
    className="bottom-action"
  >
    <button
      className="btn add"
      onClick={[Function]}
    >
      添加商品
    </button>
    <div
      className="popup"
      style={
        Object {
          "display": "none",
        }
      }
    >
      <div
        className="backdrop"
        onClick={[Function]}
      />
      <form
        className="popup-content"
        onSubmit={[Function]}
      >
        <h3>
          添加商品
        </h3>
        <input
          onChange={[Function]}
          placeholder="请输入商品编号"
          type="text"
          value=""
        />
        <button
          className="btn confirm"
          type="submit"
          value="Submit"
        >
          确定
        </button>
      </form>
    </div>
  </div>
</div>
`;

exports[`Storyshots Button with some emoji 1`] = `
<button
  className="css-1yjiefr"
  onClick={[Function]}
>
  <span
    aria-label="so cool"
    role="img"
  >
    😀 😎 👍 💯
  </span>
</button>
`;

exports[`Storyshots Button with text 1`] = `
<button
  className="css-1yjiefr"
  onClick={[Function]}
>
  Hello Button
</button>
`;

exports[`Storyshots Cart with products 1`] = `
<div
  className="page-cart"
>
  <div
    className="header"
  >
    <img
      alt="logo"
      className="header-logo"
      src="logo.svg"
    />
    <h3
      className="header-title"
    >
      React Shopping Cart
    </h3>
  </div>
  <div
    className="price"
  >
    总价：
    0
  </div>
  <div
    className="list"
  />
  <div>
    <div
      className="bottom-action"
    >
      <button
        className="btn add"
        onClick={[Function]}
      >
        添加商品
      </button>
      <div
        className="popup"
        style={
          Object {
            "display": "none",
          }
        }
      >
        <div
          className="backdrop"
          onClick={[Function]}
        />
        <form
          className="popup-content"
          onSubmit={[Function]}
        >
          <h3>
            添加商品
          </h3>
          <input
            onChange={[Function]}
            placeholder="请输入商品编号"
            type="text"
            value=""
          />
          <button
            className="btn confirm"
            type="submit"
            value="Submit"
          >
            确定
          </button>
        </form>
      </div>
    </div>
  </div>
</div>
`;

exports[`Storyshots Header with title 1`] = `
<div
  className="header"
>
  <img
    alt="logo"
    className="header-logo"
    src="logo.svg"
  />
  <h3
    className="header-title"
  >
    React Shopping Cart
  </h3>
</div>
`;

exports[`Storyshots Product with count 1`] = `
<div
  className="product"
>
  <h3
    className="code"
  >
    <a
      href="/products/1234"
    >
      商品编号：
      1234
    </a>
  </h3>
  <div
    className="code"
  >
    单价：
    100
  </div>
  <div
    className="actions"
  >
    <button
      className="minus"
      onClick={[Function]}
    >
      -
    </button>
    <span>
      数量 
      1
       
    </span>
    <button
      className="plus"
      onClick={[Function]}
    >
      +
    </button>
  </div>
</div>
`;

exports[`Storyshots Welcome to Storybook 1`] = `
<article
  className="css-1fqbdip"
>
  <h1
    className="css-nil"
  >
    Welcome to storybook
  </h1>
  <p>
    This is a UI component dev environment for your app.
  </p>
  <p>
    We've added some basic stories inside the 
    <code
      className="css-mteq83"
    >
      src/stories
    </code>
     directory.
    <br />
    A story is a single state of one or more UI components. You can have as many stories as you want.
    <br />
    (Basically a story is like a visual test case.)
  </p>
  <p>
    See these sample
     
    <button
      className="css-1opliz7"
      onClick={[Function]}
    >
      stories
    </button>
     
    for a component called 
    <code
      className="css-mteq83"
    >
      Button
    </code>
    .
  </p>
  <p>
    Just like that, you can add your own components as stories.
    <br />
    You can also edit those components and see changes right away.
    <br />
    (Try editing the 
    <code
      className="css-mteq83"
    >
      Button
    </code>
     stories located at
     
    <code
      className="css-mteq83"
    >
      src/stories/index.js
    </code>
    .)
  </p>
  <p>
    Usually we create stories with smaller UI components in the app.
    <br />
    Have a look at the
     
    <a
      className="css-ca0824"
      href="https://storybook.js.org/basics/writing-stories"
      rel="noopener noreferrer"
      target="_blank"
    >
      Writing Stories
    </a>
     
    section in our documentation.
  </p>
  <p
    className="css-bwdon3"
  >
    <b>
      NOTE:
    </b>
    <br />
    Have a look at the 
    <code
      className="css-mteq83"
    >
      .storybook/webpack.config.js
    </code>
     to add webpack loaders and plugins you are using in this project.
  </p>
</article>
`;
